[xploudshop.com/products/cortador-de-alimentos-5x1-multifuncional/index687e.html]
[backblue.gif]
[fade.gif]
[index.html]
[xploudshop.com/wp-content/themes/woodmart/js/libs/ie11CustomProperties.min.js]
[xploudshop.com/wp-content/plugins/jetpack/jetpack_vendor/automattic/jetpack-videopress/build/block-editor/blocks/video/view1eec.css]
[xploudshop.com/wp-includes/js/mediaelement/mediaelementplayer-legacy.min1f61.css]
[xploudshop.com/products/cortador-de-alimentos-5x1-multifuncional/index.html]
[xploudshop.com/wp-includes/js/mediaelement/wp-mediaelement.min109c.css]
[xploudshop.com/wp-content/plugins/woocommerce/packages/woocommerce-blocks/build/wc-blocks-vendors-style1da8.css]
[xploudshop.com/wp-content/plugins/woocommerce/packages/woocommerce-blocks/build/wc-blocks-style1da8.css]
[xploudshop.com/wp-content/plugins/bundler-pro/assets/css/style459e.css]
[xploudshop.com/wp-content/plugins/secure-copy-content-protection/public/css/secure-copy-content-protection-public324d.css]
[xploudshop.com/wp-content/plugins/slicewp/assets/css/style-front-endfda8.css]
[xploudshop.com/wp-content/plugins/woocommerce-mercadopago/assets/css/global.mindf53.css]
[unpkg.com/swiper@11.2.0/swiper-bundle.min.css]
[xploudshop.com/wp-content/plugins/jetwoo-widgets-for-elementor/assets/css/jet-woo-widgets8daf.css]
[xploudshop.com/wp-content/plugins/elementor/assets/css/frontend.minf9f0.css]
[xploudshop.com/wp-content/plugins/elementor/assets/css/widget-image.minf9f0.css]
[xploudshop.com/wp-content/plugins/elementor/assets/css/widget-text-editor.minf9f0.css]
[xploudshop.com/wp-content/plugins/elementor/assets/css/widget-icon-box.minf9f0.css]
[xploudshop.com/wp-content/plugins/elementor/assets/lib/swiper/v8/css/swiper.min94a4.css]
[xploudshop.com/wp-content/plugins/elementor/assets/css/conditionals/e-swiper.minf9f0.css]
[xploudshop.com/wp-content/plugins/elementor-pro/assets/css/frontend.min44b4.css]
[xploudshop.com/wp-content/plugins/elementor/assets/lib/font-awesome/css/all.minf9f0.css]
[xploudshop.com/wp-content/plugins/elementor/assets/lib/font-awesome/css/v4-shims.minf9f0.css]
[xploudshop.com/wp-content/themes/woodmart/css/bootstrap-light.min1b46.css]
[xploudshop.com/wp-content/themes/woodmart/css/parts/base.min1b46.css]
[xploudshop.com/wp-content/themes/woodmart/css/parts/widget-wd-recent-posts.min1b46.css]
[xploudshop.com/wp-content/themes/woodmart/css/parts/woo-widget-wd-layered-nav-product-cat.min1b46.css]
[xploudshop.com/wp-content/themes/woodmart/css/parts/woo-widget-product-list.min1b46.css]
[xploudshop.com/wp-content/themes/woodmart/css/parts/woo-widget-slider-price-filter.min1b46.css]
[xploudshop.com/wp-content/themes/woodmart/css/parts/footer-base.min1b46.css]
[xploudshop.com/wp-content/themes/woodmart/css/parts/int-elementor-base.min1b46.css]
[xploudshop.com/wp-content/themes/woodmart/css/parts/int-elementor-pro.min1b46.css]
[xploudshop.com/wp-content/themes/woodmart/css/parts/woocommerce-base.min1b46.css]
[xploudshop.com/wp-content/themes/woodmart/css/parts/woo-page-single-product.min1b46.css]
[xploudshop.com/wp-content/themes/woodmart/css/parts/header-base.min1b46.css]
[xploudshop.com/wp-content/themes/woodmart/css/parts/mod-tools.min1b46.css]
[xploudshop.com/wp-content/themes/woodmart/css/parts/header-el-base.min1b46.css]
[xploudshop.com/wp-content/themes/woodmart/css/parts/el-social-icons.min1b46.css]
[xploudshop.com/wp-content/themes/woodmart/css/parts/header-el-search.min1b46.css]
[xploudshop.com/wp-content/themes/woodmart/css/parts/header-el-search-form.min1b46.css]
[xploudshop.com/wp-content/themes/woodmart/css/parts/header-el-my-account.min1b46.css]
[xploudshop.com/wp-content/themes/woodmart/css/parts/header-el-cart-side.min1b46.css]
[xploudshop.com/wp-content/themes/woodmart/css/parts/header-el-cart.min1b46.css]
[xploudshop.com/wp-content/themes/woodmart/css/parts/woo-widget-shopping-cart.min1b46.css]
[xploudshop.com/wp-content/themes/woodmart/css/parts/page-title.min1b46.css]
[xploudshop.com/wp-content/themes/woodmart/css/parts/lib-owl-carousel.min1b46.css]
[xploudshop.com/wp-content/themes/woodmart/css/parts/woo-opt-add-to-cart-popup.min1b46.css]
[xploudshop.com/wp-content/themes/woodmart/css/parts/lib-magnific-popup.min1b46.css]
[xploudshop.com/wp-content/themes/woodmart/css/parts/opt-scrolltotop.min1b46.css]
[xploudshop.com/wp-content/themes/woodmart/css/parts/woo-opt-sticky-add-to-cart.min1b46.css]
[xploudshop.com/wp-content/uploads/2024/01/xts-root-17067347791b46.css]
[xploudshop.com/wp-content/uploads/2024/07/xts-theme_settings_default-17201040361b46.css]
[xploudshop.com/wp-content/plugins/jetpack/css/jetpack5534.css]
[xploudshop.com/wp-includes/js/jquery/jquery.minf43b.js]
[xploudshop.com/wp-includes/js/jquery/jquery-migrate.min5589.js]
[xploudshop.com/wp-content/plugins/woocommerce/assets/js/js-cookie/js.cookie.min5f13.js]
[xploudshop.com/wp-content/plugins/slicewp/assets/js/script-trkfda8.js]
[stats.wp.com/s-202502.js]
[xploudshop.com/wp-content/plugins/woocommerce/assets/js/jquery-cookie/jquery.cookie.mina91c.js]
[xploudshop.com/wp-content/plugins/woocommerce-google-adwords-conversion-tracking-tag/js/public/wooptpm.mind8ec.js]
[xploudshop.com/wp-content/plugins/elementor/assets/lib/font-awesome/js/v4-shims.minf9f0.js]
[xploudshop.com/wp-content/plugins/pixelyoursite/dist/scripts/jquery.bind-first-0.2.3.min109c.js]
[xploudshop.com/wp-content/plugins/pixelyoursite/dist/scripts/public1f74.js]
[xploudshop.com/wp-content/themes/woodmart/js/libs/device.min1b46.js]
[xploudshop.com/wp-content/plugins/checkout-mestres-wp/assets/css/intlTelInput.css]
[xploudshop.com/wp-content/plugins/checkout-mestres-wp/assets/css/card.css]
[static.klaviyo.com/onsite/js/WLkyHg/klaviyo.js]
[www.googleoptimize.com/optimize25dc.js]
[s.pinimg.com/ct/core.js]
[xploudshop.com/wp-content/uploads/2021/10/cropped-Favicon-32x32.png]
[xploudshop.com/wp-content/uploads/2021/10/cropped-Favicon-192x192.png]
[xploudshop.com/wp-content/uploads/2021/10/cropped-Favicon-180x180.png]
[xploudshop.com/wp-content/uploads/2023/07/Promocao-Relampago-Hoje-Desktop-1536x77.jpg]
[xploudshop.com/wp-content/uploads/2021/09/LOGOTIPO.png]
[xploudshop.com/wp-content/uploads/2022/08/S3de51879cfaa43a4b8edace67ee811b7m.jpg]
[xploudshop.com/wp-content/uploads/2022/08/S95e9b9e3ff9d4accba58cd7ebb1a65beS.jpg]
[xploudshop.com/wp-content/uploads/2022/08/S87582283bbce448f9f13361c32ee7702i.jpg]
[xploudshop.com/wp-content/uploads/2022/08/S6a321768c60b4469aaf777d47cfd0a38W.jpg]
[xploudshop.com/wp-content/uploads/2022/08/S0c8acf2550194ca9998295ea24fb1ff0w.jpg]
[xploudshop.com/wp-content/uploads/2022/08/Se931ed24802147aa9e668bef78e11eacj.jpg]
[xploudshop.com/wp-content/uploads/2022/08/S86d125c22f9a4419932b3619bdbd7bdc8.jpg]
[ajax.googleapis.com/ajax/libs/jquery/3.2.1/jquery.min.js]
[xploudshop.com/wp-content/uploads/2021/10/Xploudshop-Frete-Gratis.png]
[xploudshop.com/wp-content/uploads/2023/07/Mercado-Pago-Lider-Platinum-Xploudshop-768x372.jpg]
[img.cdncloud.top/uploader/5973d6034723ebd58b1c9cc66fccab7a.55.delayed]
[cdn.shopify.com/s/files/1/0584/8396/6088/files/Cortador-5x1-Multifuncional-Pro1258.png]
[xploudshop.com/wp-content/uploads/2021/09/LOGOTIPO4-150x36.png]
[xploudshop.com/wp-content/uploads/2021/09/Metodos-de-pagamentos-1024x126-1.png]
[xploudshop.com/wp-content/uploads/2022/08/S3de51879cfaa43a4b8edace67ee811b7m-600x600.jpg]
[xploudshop.com/cdn-cgi/scripts/5c5dd728/cloudflare-static/email-decode.min.js]
[static.klaviyo.com/onsite/js/WLkyHg/klaviyo5589.js]
[xploudshop.com/wp-content/plugins/woocommerce/assets/js/jquery-blockui/jquery.blockUI.min44fd.js]
[xploudshop.com/wp-content/plugins/woocommerce/assets/js/frontend/add-to-cart.mincb57.js]
[xploudshop.com/wp-content/plugins/bundler-pro/assets/js/app459e.js]
[xploudshop.com/wp-content/plugins/woocommerce/assets/js/zoom/jquery.zoom.mind094.js]
[xploudshop.com/wp-content/plugins/woocommerce/assets/js/frontend/single-product.mincb57.js]
[xploudshop.com/wp-content/plugins/woocommerce/assets/js/frontend/woocommerce.mincb57.js]
[xploudshop.com/wp-content/plugins/woocommerce/assets/js/frontend/cart-fragments.mincb57.js]
[unpkg.com/swiper@11.2.0/swiper-bundle.min.js]
[xploudshop.com/wp-content/plugins/woocommerce-google-adwords-conversion-tracking-tag/js/public/google-ads.mind8ec.js]
[xploudshop.com/wp-content/plugins/pinterest-for-woocommerce/assets/js/pinterest-for-woocommerce-tracking.min264f.js]
[xploudshop.com/wp-content/plugins/klaviyo/inc/js/kl-identify-browser5589.js]
[xploudshop.com/wp-content/plugins/klaviyo/includes/js/wck-viewed-product5589.js]
[xploudshop.com/wp-content/plugins/elementor-pro/assets/js/webpack-pro.runtime.min44b4.js]
[xploudshop.com/wp-content/plugins/elementor/assets/js/webpack.runtime.minf9f0.js]
[xploudshop.com/wp-content/plugins/elementor/assets/js/frontend-modules.minf9f0.js]
[xploudshop.com/wp-includes/js/dist/hooks.min2757.js]
[xploudshop.com/wp-includes/js/dist/i18n.minc33c.js]
[xploudshop.com/wp-content/plugins/elementor-pro/assets/js/frontend.min44b4.js]
[xploudshop.com/wp-includes/js/jquery/ui/core.minb37e.js]
[xploudshop.com/wp-content/plugins/elementor/assets/js/frontend.minf9f0.js]
[xploudshop.com/wp-content/plugins/elementor-pro/assets/js/elements-handlers.min44b4.js]
[xploudshop.com/wp-content/plugins/jetwoo-widgets-for-elementor/assets/js/jet-woo-widgets8daf.js]
[xploudshop.com/wp-content/plugins/jetwoo-widgets-for-elementor/assets/lib/slick/slick.minc245.js]
[xploudshop.com/wp-content/themes/woodmart/js/libs/pjax.min1b46.js]
[xploudshop.com/wp-content/themes/woodmart/js/scripts/global/helpers.min1b46.js]
[xploudshop.com/wp-content/themes/woodmart/js/scripts/wc/woocommerceNotices.min1b46.js]
[xploudshop.com/wp-content/themes/woodmart/js/scripts/wc/woocommerceWrappTable.min1b46.js]
[xploudshop.com/wp-content/themes/woodmart/js/scripts/wc/ajaxFilters.min1b46.js]
[xploudshop.com/wp-content/themes/woodmart/js/scripts/wc/sortByWidget.min1b46.js]
[xploudshop.com/wp-content/themes/woodmart/js/scripts/wc/shopPageInit.min1b46.js]
[xploudshop.com/wp-content/themes/woodmart/js/scripts/global/clickOnScrollButton.min1b46.js]
[xploudshop.com/wp-content/themes/woodmart/js/scripts/global/backHistory.min1b46.js]
[stats.wp.com/e-202502.js]
[xploudshop.com/wp-includes/js/imagesloaded.minbb93.js]
[xploudshop.com/wp-content/themes/woodmart/js/libs/sticky-kit.min1b46.js]
[xploudshop.com/wp-content/themes/woodmart/js/scripts/wc/stickyDetails.min1b46.js]
[xploudshop.com/wp-content/themes/woodmart/js/scripts/header/headerBuilder.min1b46.js]
[xploudshop.com/wp-content/themes/woodmart/js/libs/autocomplete.min1b46.js]
[xploudshop.com/wp-content/themes/woodmart/js/scripts/global/ajaxSearch.min1b46.js]
[xploudshop.com/wp-content/themes/woodmart/js/scripts/wc/miniCartQuantity.min1b46.js]
[xploudshop.com/wp-content/themes/woodmart/js/scripts/wc/onRemoveFromCart.min1b46.js]
[xploudshop.com/wp-content/themes/woodmart/js/scripts/header/mobileSearchIcon.min1b46.js]
[xploudshop.com/wp-content/themes/woodmart/js/scripts/menu/menuOffsets.min1b46.js]
[xploudshop.com/wp-content/themes/woodmart/js/scripts/menu/menuSetUp.min1b46.js]
[xploudshop.com/wp-content/themes/woodmart/js/scripts/wc/variationsPrice.min1b46.js]
[xploudshop.com/wp-content/themes/woodmart/js/scripts/wc/initZoom.min1b46.js]
[xploudshop.com/wp-content/themes/woodmart/js/libs/owl.carousel.min1b46.js]
[xploudshop.com/wp-content/themes/woodmart/js/scripts/wc/productImagesGallery.min1b46.js]
[xploudshop.com/wp-includes/js/underscore.mind584.js]
[xploudshop.com/wp-includes/js/wp-util.min109c.js]
[xploudshop.com/wp-content/plugins/woocommerce/assets/js/frontend/add-to-cart-variation.mincb57.js]
[xploudshop.com/wp-content/themes/woodmart/js/libs/tooltips.min1b46.js]
[xploudshop.com/wp-content/themes/woodmart/js/scripts/global/btnsToolTips.min1b46.js]
[xploudshop.com/wp-content/themes/woodmart/js/scripts/wc/swatchesVariations.min1b46.js]
[xploudshop.com/wp-content/themes/woodmart/js/scripts/wc/addToCartAllTypes.min1b46.js]
[xploudshop.com/wp-content/themes/woodmart/js/libs/magnific-popup.min1b46.js]
[xploudshop.com/wp-content/themes/woodmart/js/scripts/wc/actionAfterAddToCart.min1b46.js]
[xploudshop.com/wp-content/themes/woodmart/js/scripts/wc/woocommerceQuantity.min1b46.js]
[xploudshop.com/wp-content/themes/woodmart/js/scripts/wc/singleProductTabsAccordion.min1b46.js]
[xploudshop.com/wp-content/themes/woodmart/js/scripts/wc/productAccordion.min1b46.js]
[xploudshop.com/wp-content/themes/woodmart/js/scripts/global/scrollTop.min1b46.js]
[xploudshop.com/wp-content/themes/woodmart/js/scripts/menu/mobileNavigation.min1b46.js]
[xploudshop.com/wp-content/themes/woodmart/js/scripts/wc/cartWidget.min1b46.js]
[xploudshop.com/wp-content/themes/woodmart/js/scripts/wc/stickyAddToCart.min1b46.js]
[xploudshop.com/products/cortador-de-alimentos-5x1-multifuncional/index687e.html]
[xploudshop.com/wp-content/plugins/energy-plus/public/js/energyplus109c.js]
[xploudshop.com/wp-content/cache/min/1/wp-content/plugins/slicewp/assets/js/script-trk6e2d.js]
[xploudshop.com/wp-content/cache/min/1/wp-content/plugins/pixelyoursite/dist/scripts/public6e2d.js]
[xploudshop.com/wp-content/cache/min/1/onsite/js/WLkyHg/klaviyo9bc1.js]
[xploudshop.com/wp-content/cache/min/1/swiper/swiper-bundle.min9bc1.js]
[xploudshop.com/wp-content/cache/min/1/wp-content/plugins/klaviyo/inc/js/kl-identify-browser9bc1.js]
[xploudshop.com/wp-content/cache/min/1/wp-content/plugins/klaviyo/includes/js/wck-viewed-productcad9.js]
[xploudshop.com/wp-content/cache/min/1/wp-content/plugins/jetwoo-widgets-for-elementor/assets/js/jet-woo-widgets9bc1.js]
[xploudshop.com/products/cortador-de-alimentos-5x1-multifuncional/index.html]
[xploudshop.com/wp-content/plugins/jetpack/jetpack_vendor/automattic/jetpack-videopress/build/block-editor/blocks/video/view1eec.css]
[xploudshop.com/wp-content/cache/min/1/wp-content/plugins/energy-plus/public/js/energyplus9bc1.js]
[xploudshop.com/wp-includes/js/mediaelement/mediaelementplayer-legacy.min1f61.css]
[xploudshop.com/wp-includes/js/mediaelement/wp-mediaelement.min109c.css]
[xploudshop.com/wp-content/plugins/woocommerce/packages/woocommerce-blocks/build/wc-blocks-vendors-style1da8.css]
[xploudshop.com/wp-content/plugins/woocommerce/packages/woocommerce-blocks/build/wc-blocks-style1da8.css]
[xploudshop.com/wp-content/plugins/bundler-pro/assets/css/style459e.css]
[xploudshop.com/wp-content/plugins/secure-copy-content-protection/public/css/secure-copy-content-protection-public324d.css]
[xploudshop.com/wp-content/plugins/slicewp/assets/css/style-front-endfda8.css]
[xploudshop.com/wp-content/plugins/woocommerce-mercadopago/assets/css/global.mindf53.css]
[unpkg.com/swiper@11.2.0/swiper-bundle.min.css]
[xploudshop.com/wp-includes/js/mediaelement/mejs-controls.svg]
[xploudshop.com/wp-content/plugins/jetwoo-widgets-for-elementor/assets/css/lib/jetwoowidgets-font/fonts/rating-star.eot]
[xploudshop.com/wp-content/plugins/jetwoo-widgets-for-elementor/assets/css/lib/jetwoowidgets-font/fonts/rating-stard41d.eot]
[xploudshop.com/wp-content/plugins/jetwoo-widgets-for-elementor/assets/css/lib/jetwoowidgets-font/fonts/rating-star.woff]
[xploudshop.com/wp-content/plugins/jetwoo-widgets-for-elementor/assets/css/lib/jetwoowidgets-font/fonts/rating-star.ttf]
[xploudshop.com/wp-content/plugins/jetwoo-widgets-for-elementor/assets/css/jet-woo-widgets8daf.css]
[xploudshop.com/wp-content/plugins/elementor/assets/css/frontend.minf9f0.css]
[xploudshop.com/wp-content/plugins/elementor/assets/css/widget-image.minf9f0.css]
[xploudshop.com/wp-content/plugins/elementor/assets/css/widget-text-editor.minf9f0.css]
[xploudshop.com/wp-content/plugins/elementor/assets/css/widget-icon-box.minf9f0.css]
[xploudshop.com/wp-content/plugins/elementor/assets/lib/swiper/v8/css/swiper.min94a4.css]
[xploudshop.com/wp-content/plugins/elementor/assets/css/conditionals/e-swiper.minf9f0.css]
[xploudshop.com/wp-content/plugins/elementor-pro/assets/css/frontend.min44b4.css]
[xploudshop.com/wp-content/plugins/elementor/assets/lib/font-awesome/css/all.minf9f0.css]
[xploudshop.com/wp-content/plugins/elementor/assets/lib/font-awesome/css/v4-shims.minf9f0.css]
[xploudshop.com/wp-content/themes/woodmart/css/bootstrap-light.min1b46.css]
[xploudshop.com/wp-content/themes/woodmart/css/parts/base.min1b46.css]
[xploudshop.com/wp-content/themes/woodmart/css/parts/widget-wd-recent-posts.min1b46.css]
[xploudshop.com/wp-content/themes/woodmart/css/parts/woo-widget-wd-layered-nav-product-cat.min1b46.css]
[xploudshop.com/wp-content/themes/woodmart/css/parts/woo-widget-product-list.min1b46.css]
[xploudshop.com/wp-content/themes/woodmart/css/parts/woo-widget-slider-price-filter.min1b46.css]
[xploudshop.com/wp-content/themes/woodmart/css/parts/footer-base.min1b46.css]
[xploudshop.com/wp-content/themes/woodmart/css/parts/int-elementor-base.min1b46.css]
[xploudshop.com/wp-content/themes/woodmart/css/parts/int-elementor-pro.min1b46.css]
[xploudshop.com/wp-content/themes/woodmart/css/parts/woocommerce-base.min1b46.css]
[xploudshop.com/wp-content/themes/woodmart/css/parts/woo-page-single-product.min1b46.css]
[xploudshop.com/wp-content/themes/woodmart/css/parts/header-base.min1b46.css]
[xploudshop.com/wp-content/themes/woodmart/css/parts/mod-tools.min1b46.css]
[xploudshop.com/wp-content/themes/woodmart/css/parts/header-el-base.min1b46.css]
[xploudshop.com/wp-content/themes/woodmart/css/parts/el-social-icons.min1b46.css]
[xploudshop.com/wp-content/themes/woodmart/css/parts/header-el-search.min1b46.css]
[xploudshop.com/wp-content/themes/woodmart/css/parts/header-el-search-form.min1b46.css]
[xploudshop.com/wp-content/themes/woodmart/css/parts/header-el-my-account.min1b46.css]
[xploudshop.com/wp-content/themes/woodmart/css/parts/header-el-cart-side.min1b46.css]
[xploudshop.com/wp-content/themes/woodmart/css/parts/header-el-cart.min1b46.css]
[xploudshop.com/wp-content/themes/woodmart/css/parts/woo-widget-shopping-cart.min1b46.css]
[xploudshop.com/wp-content/themes/woodmart/css/parts/page-title.min1b46.css]
[xploudshop.com/wp-content/themes/woodmart/css/parts/lib-owl-carousel.min1b46.css]
[xploudshop.com/wp-content/themes/woodmart/css/parts/woo-opt-add-to-cart-popup.min1b46.css]
[xploudshop.com/wp-content/themes/woodmart/css/parts/lib-magnific-popup.min1b46.css]
[xploudshop.com/wp-content/themes/woodmart/css/parts/opt-scrolltotop.min1b46.css]
[xploudshop.com/wp-content/themes/woodmart/css/parts/woo-opt-sticky-add-to-cart.min1b46.css]
[xploudshop.com/wp-content/uploads/2024/01/xts-root-17067347791b46.css]
[xploudshop.com/wp-content/uploads/2024/07/xts-theme_settings_default-17201040361b46.css]
[xploudshop.com/wp-content/plugins/jetwoo-widgets-for-elementor/assets/css/lib/jetwoowidgets-font/fonts/rating-star.svg]
[xploudshop.com/wp-content/plugins/jetpack/modules/shortcodes/img/slideshow-controls.png]
[xploudshop.com/wp-content/plugins/jetpack/modules/shortcodes/img/slideshow-controls-2x.png]
[xploudshop.com/wp-content/plugins/jetpack/modules/shortcodes/images/slide-nav.png]
[xploudshop.com/wp-content/plugins/jetpack/modules/shortcodes/images/expand.png]
[xploudshop.com/wp-content/plugins/jetpack/modules/shortcodes/images/collapse.png]
[xploudshop.com/wp-content/plugins/jetpack/css/jetpack5534.css]
[xploudshop.com/wp-content/plugins/checkout-mestres-wp/assets/images/flags.png]
[xploudshop.com/wp-content/plugins/checkout-mestres-wp/assets/css/intlTelInput.css]
[xploudshop.com/wp-content/plugins/checkout-mestres-wp/assets/images/flags@2x.png]
[xploudshop.com/wp-content/plugins/checkout-mestres-wp/assets/css/card.css]
[www.googletagmanager.com/gtm5445.html]
[img.cdncloud.top/uploader/5973d6034723ebd58b1c9cc66fccab7a.html]
[xploudshop.com/wp-content/plugins/wp-rocket/assets/js/heartbeat7708.js]
[xploudshop.com/wp-includes/js/mediaelement/mejs-controls.svg]
[xploudshop.com/wp-content/plugins/jetwoo-widgets-for-elementor/assets/css/lib/jetwoowidgets-font/fonts/rating-star.svg]
[secure.gravatar.com/connect/index1068.html]
